// Jest Snapshot v1, https://goo.gl/fbAQLP

exports[`app render app render correctly 1`] = `
<Provider
  store={
    Object {
      "clearActions": [Function],
      "dispatch": [Function],
      "getActions": [Function],
      "getState": [Function],
      "replaceReducer": [Function],
      "subscribe": [Function],
    }
  }
>
  <MemoryRouter>
    <Router
      history={
        Object {
          "action": "POP",
          "block": [Function],
          "canGo": [Function],
          "createHref": [Function],
          "entries": Array [
            Object {
              "hash": "",
              "key": "0u7rn1",
              "pathname": "/",
              "search": "",
              "state": undefined,
            },
          ],
          "go": [Function],
          "goBack": [Function],
          "goForward": [Function],
          "index": 0,
          "length": 1,
          "listen": [Function],
          "location": Object {
            "hash": "",
            "key": "0u7rn1",
            "pathname": "/",
            "search": "",
            "state": undefined,
          },
          "push": [Function],
          "replace": [Function],
        }
      }
    >
      <withI18nextTranslation(Connect(Main))>
        <Connect(Main)
          i18n={Object {}}
          t={[Function]}
          tReady={false}
        >
          <Main
            i18n={Object {}}
            language="ru"
            setLanguage={[Function]}
            t={[Function]}
            tReady={false}
          >
            <div
              className="page-center"
            >
              <div
                className="message"
              >
                <h3>
                  title
                </h3>
                <button
                  key="0"
                  onClick={[Function]}
                >
                  en
                </button>
                <button
                  key="1"
                  onClick={[Function]}
                >
                  ru
                </button>
              </div>
            </div>
          </Main>
        </Connect(Main)>
      </withI18nextTranslation(Connect(Main))>
    </Router>
  </MemoryRouter>
</Provider>
`;
